# 复制对象尽量传递引用
    1.数组的传递
    2.接口提传递
#避免内存分配和复制
    1.初始化切片至合适的大小 自动扩容是有代价的
    2.复用内存



```azure
$ GODEBUG=gctrace=1 go test -bench=BenchmarkPassingArrayWithValue
gc 1 @0.015s 0%: 0.009+0.24+0.002 ms clock, 0.075+0.27/0.27/0+0.021 ms cpu, 4->4->0 MB, 5 MB goal, 8 P
gc 2 @0.027s 0%: 0.018+0.16+0.002 ms clock, 0.14+0.16/0.19/0.18+0.017 ms cpu, 4->4->0 MB, 5 MB goal, 8 P
gc 3 @0.045s 0%: 0.028+0.12+0.002 ms clock, 0.22+0.079/0.14/0.10+0.017 ms cpu, 4->4->0 MB, 5 MB goal, 8 P
gc 4 @0.055s 0%: 0.026+0.24+0.001 ms clock, 0.21+0.30/0.24/0+0.012 ms cpu, 4->4->0 MB, 5 MB goal, 8 P
gc 5 @0.061s 0%: 0.025+0.40+0.014 ms clock, 0.20+0.29/0.44/0.10+0.11 ms cpu, 4->4->0 MB, 5 MB goal, 8 P
gc 6 @0.067s 0%: 0.021+0.34+0.008 ms clock, 0.17+0.19/0.30/0.10+0.067 ms cpu, 4->4->0 MB, 5 MB goal, 8 P
gc 7 @0.077s 0%: 0.030+0.30+0.001 ms clock, 0.24+0.24/0.31/0.39+0.012 ms cpu, 4->4->1 MB, 5 MB goal, 8 P
gc 8 @0.092s 0%: 0.030+0.27+0.001 ms clock, 0.24+0.11/0.33/0.32+0.013 ms cpu, 4->4->0 MB, 5 MB goal, 8 P
gc 9 @0.098s 0%: 0.039+0.39+0.010 ms clock, 0.31+0.089/0.56/0.71+0.087 ms cpu, 4->4->1 MB, 5 MB goal, 8 P
gc 10 @0.119s 0%: 0.15+0.57+0.002 ms clock, 1.2+0.21/0.73/1.1+0.022 ms cpu, 4->4->1 MB, 5 MB goal, 8 P
gc 11 @0.126s 0%: 0.032+0.34+0.001 ms clock, 0.26+0.25/0.48/0.23+0.014 ms cpu, 4->4->1 MB, 5 MB goal, 8 P
gc 12 @0.131s 1%: 0.025+0.33+0.004 ms clock, 0.20+0.080/0.45/0.59+0.039 ms cpu, 4->4->1 MB, 5 MB goal, 8 P
gc 13 @0.138s 1%: 0.062+0.47+0.001 ms clock, 0.50+0.16/0.60/0.64+0.015 ms cpu, 4->4->1 MB, 5 MB goal, 8 P
gc 14 @0.142s 1%: 0.081+0.64+0.003 ms clock, 0.65+0.15/0.99/1.9+0.031 ms cpu, 4->4->1 MB, 5 MB goal, 8 P
gc 15 @0.146s 1%: 0.018+0.42+0.001 ms clock, 0.15+0.050/0.53/0.74+0.012 ms cpu, 4->4->1 MB, 5 MB goal, 8 P
gc 16 @0.152s 1%: 0.023+0.46+0.001 ms clock, 0.19+0.044/0.69/0.86+0.015 ms cpu, 4->4->1 MB, 5 MB goal, 8 P
gc 17 @0.163s 1%: 0.14+0.59+0.002 ms clock, 1.1+0.71/0.85/0.12+0.017 ms cpu, 4->4->1 MB, 5 MB goal, 8 P
# go_ph/src/ch35/gc/passing_ref.test
gc 1 @0.000s 6%: 0.003+0.51+0.008 ms clock, 0.026+0.055/0.62/0.44+0.064 ms cpu, 4->6->5 MB, 5 MB goal, 8 P
gc 2 @0.006s 3%: 0.005+0.67+0.009 ms clock, 0.044+0.028/1.1/0.26+0.078 ms cpu, 11->11->10 MB, 12 MB goal, 8 P
gc 3 @0.032s 1%: 0.012+0.64+0.009 ms clock, 0.098+0.042/0.94/0.70+0.078 ms cpu, 19->19->10 MB, 20 MB goal, 8 P
gc 18 @0.232s 1%: 0.086+0.38+0.002 ms clock, 0.69+0.060/0.59/0.86+0.016 ms cpu, 4->4->1 MB, 5 MB goal, 8 P
gc 1 @0.001s 2%: 0.017+0.12+0.002 ms clock, 0.13+0.084/0.11/0.030+0.019 ms cpu, 76->76->76 MB, 77 MB goal, 8 P
gc 2 @0.002s 2%: 0.017+1.2+0.012 ms clock, 0.13+0/0.12/0.097+0.097 ms cpu, 152->152->152 MB, 153 MB goal, 8 P
gc 3 @0.027s 0%: 0.044+0.092+0.003 ms clock, 0.35+0/0.12/0.056+0.026 ms cpu, 152->152->0 MB, 305 MB goal, 8 P (forced)
gc 4 @0.028s 0%: 0.021+0.16+0.001 ms clock, 0.16+0/0.11/0.060+0.012 ms cpu, 0->0->0 MB, 4 MB goal, 8 P (forced)
gc 5 @0.036s 0%: 0.028+0.16+0.002 ms clock, 0.22+0.12/0.059/0.053+0.019 ms cpu, 76->76->76 MB, 77 MB goal, 8 P
gc 6 @0.045s 0%: 0.030+0.29+0.011 ms clock, 0.24+0/0.16/0.16+0.093 ms cpu, 152->152->152 MB, 153 MB goal, 8 P
goos: darwin
goarch: arm64
pkg: go_ph/src/ch35/gc/passing_ref
BenchmarkPassingArrayWithValue-8        gc 7 @0.051s 0%: 0.031+0.16+0.002 ms clock, 0.25+0/0.28/0.032+0.016 ms cpu, 152->152->0 MB, 305 MB goal, 8 P (forced)
gc 8 @0.053s 0%: 0.016+0.25+0.001 ms clock, 0.13+0.064/0.026/0.19+0.011 ms cpu, 76->76->76 MB, 77 MB goal, 8 P
gc 9 @0.056s 0%: 0.035+0.21+0.010 ms clock, 0.28+0/0.14/0.14+0.083 ms cpu, 152->152->152 MB, 153 MB goal, 8 P
gc 10 @0.072s 0%: 0.029+0.57+0.008 ms clock, 0.23+0/0.12/0.074+0.065 ms cpu, 305->305->152 MB, 306 MB goal, 8 P
gc 11 @0.102s 0%: 0.026+0.28+0.011 ms clock, 0.21+0/0.14/0.14+0.091 ms cpu, 305->305->152 MB, 306 MB goal, 8 P
gc 12 @0.116s 0%: 0.024+0.14+0.011 ms clock, 0.19+0/0.092/0.072+0.089 ms cpu, 305->305->152 MB, 306 MB goal, 8 P
gc 13 @0.125s 0%: 0.026+0.19+0.007 ms clock, 0.21+0/0.082/0.17+0.061 ms cpu, 305->305->152 MB, 306 MB goal, 8 P
gc 14 @0.135s 0%: 0.026+0.20+0.007 ms clock, 0.21+0/0.073/0.093+0.057 ms cpu, 305->305->152 MB, 306 MB goal, 8 P
gc 15 @0.144s 0%: 0.026+0.26+0.010 ms clock, 0.21+0/0.17/0.17+0.085 ms cpu, 305->305->152 MB, 306 MB goal, 8 P
gc 16 @0.154s 0%: 0.025+0.18+0.008 ms clock, 0.20+0/0.085/0.15+0.065 ms cpu, 305->305->152 MB, 306 MB goal, 8 P
gc 17 @0.164s 0%: 0.026+0.31+0.009 ms clock, 0.21+0/0.11/0.068+0.079 ms cpu, 305->305->152 MB, 306 MB goal, 8 P
gc 18 @0.174s 0%: 0.028+0.19+0.007 ms clock, 0.22+0/0.11/0.11+0.059 ms cpu, 305->305->152 MB, 306 MB goal, 8 P
gc 19 @0.184s 0%: 0.026+0.14+0.011 ms clock, 0.21+0/0.086/0.093+0.094 ms cpu, 305->305->152 MB, 306 MB goal, 8 P
gc 20 @0.195s 0%: 0.039+0.15+0.008 ms clock, 0.31+0/0.13/0.055+0.065 ms cpu, 305->305->152 MB, 306 MB goal, 8 P
gc 21 @0.204s 0%: 0.027+0.24+0.007 ms clock, 0.21+0/0.15/0.073+0.060 ms cpu, 305->305->152 MB, 306 MB goal, 8 P
gc 22 @0.215s 0%: 0.034+0.25+0.012 ms clock, 0.27+0/0.15/0.34+0.10 ms cpu, 305->305->152 MB, 306 MB goal, 8 P
gc 23 @0.224s 0%: 0.048+0.29+0.010 ms clock, 0.38+0/0.12/0.16+0.081 ms cpu, 305->305->152 MB, 306 MB goal, 8 P
gc 24 @0.235s 0%: 0.030+0.27+0.008 ms clock, 0.24+0/0.082/0.078+0.065 ms cpu, 305->305->152 MB, 306 MB goal, 8 P
gc 25 @0.244s 0%: 0.027+0.24+0.010 ms clock, 0.22+0/0.092/0.35+0.084 ms cpu, 305->305->152 MB, 306 MB goal, 8 P
gc 26 @0.254s 0%: 0.029+0.25+0.011 ms clock, 0.23+0/0.11/0.18+0.093 ms cpu, 305->305->152 MB, 306 MB goal, 8 P
gc 27 @0.264s 0%: 0.029+0.29+0.007 ms clock, 0.23+0/0.080/0.12+0.060 ms cpu, 305->305->152 MB, 306 MB goal, 8 P
gc 28 @0.274s 0%: 0.033+0.29+0.009 ms clock, 0.26+0/0.096/0.058+0.078 ms cpu, 305->305->152 MB, 306 MB goal, 8 P
gc 29 @0.284s 0%: 0.029+0.30+0.009 ms clock, 0.23+0/0.10/0.14+0.078 ms cpu, 305->305->152 MB, 306 MB goal, 8 P
gc 30 @0.294s 0%: 0.032+0.26+0.016 ms clock, 0.25+0/0.090/0.049+0.13 ms cpu, 305->305->152 MB, 306 MB goal, 8 P
gc 31 @0.304s 0%: 0.037+0.19+0.010 ms clock, 0.30+0/0.11/0.27+0.084 ms cpu, 305->305->152 MB, 306 MB goal, 8 P
gc 32 @0.314s 0%: 0.028+0.13+0.012 ms clock, 0.22+0/0.088/0.081+0.10 ms cpu, 305->305->152 MB, 306 MB goal, 8 P
gc 33 @0.325s 0%: 0.078+0.21+0.014 ms clock, 0.62+0/0.15/0.20+0.11 ms cpu, 305->305->152 MB, 306 MB goal, 8 P
gc 34 @0.335s 0%: 0.024+0.14+0.010 ms clock, 0.19+0/0.11/0.084+0.080 ms cpu, 305->305->152 MB, 306 MB goal, 8 P
gc 35 @0.346s 0%: 0.029+0.22+0.020 ms clock, 0.23+0/0.20/0.17+0.16 ms cpu, 305->305->152 MB, 306 MB goal, 8 P
gc 36 @0.355s 0%: 0.036+0.16+0.006 ms clock, 0.28+0/0.10/0.019+0.052 ms cpu, 305->305->152 MB, 306 MB goal, 8 P
gc 37 @0.365s 0%: 0.029+0.27+0.009 ms clock, 0.23+0/0.083/0.079+0.078 ms cpu, 305->305->152 MB, 306 MB goal, 8 P
gc 38 @0.375s 0%: 0.026+0.12+0.006 ms clock, 0.21+0/0.10/0.079+0.053 ms cpu, 305->305->152 MB, 306 MB goal, 8 P
gc 39 @0.385s 0%: 0.031+0.24+0.012 ms clock, 0.24+0/0.097/0.14+0.10 ms cpu, 305->305->152 MB, 306 MB goal, 8 P
gc 40 @0.396s 0%: 0.026+0.16+0.008 ms clock, 0.20+0/0.072/0.088+0.069 ms cpu, 305->305->152 MB, 306 MB goal, 8 P
gc 41 @0.405s 0%: 0.027+0.13+0.007 ms clock, 0.21+0/0.093/0.097+0.061 ms cpu, 305->305->152 MB, 306 MB goal, 8 P
gc 42 @0.416s 0%: 0.025+0.48+0.009 ms clock, 0.20+0/0.18/0.21+0.072 ms cpu, 305->305->152 MB, 306 MB goal, 8 P
gc 43 @0.426s 0%: 0.029+0.26+0.007 ms clock, 0.23+0/0.11/0.090+0.062 ms cpu, 305->305->152 MB, 306 MB goal, 8 P
gc 44 @0.437s 0%: 0.024+0.16+0.013 ms clock, 0.19+0/0.10/0.060+0.10 ms cpu, 305->305->152 MB, 306 MB goal, 8 P
gc 45 @0.446s 0%: 0.027+0.27+0.008 ms clock, 0.21+0/0.086/0.11+0.067 ms cpu, 305->305->152 MB, 306 MB goal, 8 P
gc 46 @0.456s 0%: 0.036+0.30+0.007 ms clock, 0.29+0/0.095/0.11+0.058 ms cpu, 305->305->152 MB, 306 MB goal, 8 P
gc 47 @0.466s 0%: 0.025+0.14+0.009 ms clock, 0.20+0/0.087/0.16+0.078 ms cpu, 305->305->152 MB, 306 MB goal, 8 P
gc 48 @0.476s 0%: 0.029+0.13+0.015 ms clock, 0.23+0/0.082/0.11+0.12 ms cpu, 305->305->152 MB, 306 MB goal, 8 P
gc 49 @0.487s 0%: 0.025+0.17+0.008 ms clock, 0.20+0/0.10/0.063+0.066 ms cpu, 305->305->152 MB, 306 MB goal, 8 P
gc 50 @0.496s 0%: 0.026+0.17+0.008 ms clock, 0.21+0/0.10/0.057+0.071 ms cpu, 305->305->152 MB, 306 MB goal, 8 P
gc 51 @0.505s 0%: 0.060+0.13+0.002 ms clock, 0.48+0/0.16/0.078+0.023 ms cpu, 229->229->0 MB, 305 MB goal, 8 P (forced)
gc 52 @0.507s 0%: 0.018+0.098+0 ms clock, 0.15+0.054/0.046/0.004+0.007 ms cpu, 76->76->76 MB, 77 MB goal, 8 P
gc 53 @0.508s 0%: 0.015+0.16+0.008 ms clock, 0.12+0/0.051/0.046+0.069 ms cpu, 152->152->152 MB, 153 MB goal, 8 P
gc 54 @0.518s 0%: 0.030+0.14+0.008 ms clock, 0.24+0/0.083/0.065+0.066 ms cpu, 305->305->152 MB, 306 MB goal, 8 P
gc 55 @0.529s 0%: 0.028+0.17+0.010 ms clock, 0.22+0/0.10/0.10+0.081 ms cpu, 305->305->152 MB, 306 MB goal, 8 P
gc 56 @0.538s 0%: 0.031+0.14+0.010 ms clock, 0.25+0/0.072/0.091+0.083 ms cpu, 305->305->152 MB, 306 MB goal, 8 P
gc 57 @0.549s 0%: 0.026+0.13+0.007 ms clock, 0.21+0/0.10/0.055+0.061 ms cpu, 305->305->152 MB, 306 MB goal, 8 P
gc 58 @0.558s 0%: 0.030+0.30+0.007 ms clock, 0.24+0/0.10/0.14+0.063 ms cpu, 305->305->152 MB, 306 MB goal, 8 P
gc 59 @0.569s 0%: 0.025+0.29+0.010 ms clock, 0.20+0/0.087/0.11+0.082 ms cpu, 305->305->152 MB, 306 MB goal, 8 P
gc 60 @0.578s 0%: 0.025+0.30+0.010 ms clock, 0.20+0/0.085/0.16+0.084 ms cpu, 305->305->152 MB, 306 MB goal, 8 P
gc 61 @0.588s 0%: 0.032+0.19+0.13 ms clock, 0.26+0/0.14/0.088+1.0 ms cpu, 305->305->152 MB, 306 MB goal, 8 P
gc 62 @0.598s 0%: 0.029+0.20+0.007 ms clock, 0.23+0/0.10/0.11+0.062 ms cpu, 305->305->152 MB, 306 MB goal, 8 P
gc 63 @0.608s 0%: 0.030+0.15+0.007 ms clock, 0.24+0/0.10/0.076+0.056 ms cpu, 305->305->152 MB, 306 MB goal, 8 P
gc 64 @0.619s 0%: 0.032+0.15+0.012 ms clock, 0.26+0/0.072/0.091+0.096 ms cpu, 305->305->152 MB, 306 MB goal, 8 P
gc 65 @0.629s 0%: 0.027+0.30+0.008 ms clock, 0.21+0/0.14/0.077+0.067 ms cpu, 305->305->152 MB, 306 MB goal, 8 P
gc 66 @0.639s 0%: 0.031+0.27+0.13 ms clock, 0.25+0/0.10/0.15+1.0 ms cpu, 305->305->152 MB, 306 MB goal, 8 P
gc 67 @0.648s 0%: 0.027+0.16+0.008 ms clock, 0.22+0/0.070/0.091+0.067 ms cpu, 305->305->152 MB, 306 MB goal, 8 P
gc 68 @0.659s 0%: 0.025+0.16+0.010 ms clock, 0.20+0/0.075/0.16+0.081 ms cpu, 305->305->152 MB, 306 MB goal, 8 P
gc 69 @0.669s 0%: 0.031+0.13+0.008 ms clock, 0.25+0/0.084/0.060+0.066 ms cpu, 305->305->152 MB, 306 MB goal, 8 P
gc 70 @0.678s 0%: 0.026+0.14+0.014 ms clock, 0.21+0/0.10/0.060+0.11 ms cpu, 305->305->152 MB, 306 MB goal, 8 P
gc 71 @0.688s 0%: 0.028+0.23+0.008 ms clock, 0.23+0/0.088/0.16+0.068 ms cpu, 305->305->152 MB, 306 MB goal, 8 P
gc 72 @0.698s 0%: 0.029+0.20+0.010 ms clock, 0.23+0/0.19/0.10+0.085 ms cpu, 305->305->152 MB, 306 MB goal, 8 P
gc 73 @0.708s 0%: 0.028+0.17+0.011 ms clock, 0.23+0/0.13/0.097+0.090 ms cpu, 305->305->152 MB, 306 MB goal, 8 P
gc 74 @0.718s 0%: 0.035+0.18+0.009 ms clock, 0.28+0/0.16/0.066+0.074 ms cpu, 305->305->152 MB, 306 MB goal, 8 P
gc 75 @0.729s 0%: 0.028+0.14+0.007 ms clock, 0.22+0/0.12/0.047+0.057 ms cpu, 305->305->152 MB, 306 MB goal, 8 P
gc 76 @0.738s 0%: 0.031+0.15+0.008 ms clock, 0.24+0/0.10/0.066+0.067 ms cpu, 305->305->152 MB, 306 MB goal, 8 P
gc 77 @0.747s 0%: 0.024+0.17+0.008 ms clock, 0.19+0/0.097/0.12+0.071 ms cpu, 305->305->152 MB, 306 MB goal, 8 P
gc 78 @0.758s 0%: 0.032+0.16+0.009 ms clock, 0.25+0/0.091/0.078+0.076 ms cpu, 305->305->152 MB, 306 MB goal, 8 P
gc 79 @0.767s 0%: 0.032+0.31+0.008 ms clock, 0.26+0/0.12/0.070+0.064 ms cpu, 305->305->152 MB, 306 MB goal, 8 P
gc 80 @0.778s 0%: 0.026+0.28+0.011 ms clock, 0.21+0/0.088/0.10+0.088 ms cpu, 305->305->152 MB, 306 MB goal, 8 P
gc 81 @0.787s 0%: 0.028+0.25+0.010 ms clock, 0.22+0/0.085/0.16+0.085 ms cpu, 305->305->152 MB, 306 MB goal, 8 P
gc 82 @0.798s 0%: 0.025+0.15+0.008 ms clock, 0.20+0/0.10/0.11+0.066 ms cpu, 305->305->152 MB, 306 MB goal, 8 P
gc 83 @0.807s 0%: 0.025+0.13+0.013 ms clock, 0.20+0/0.10/0.052+0.10 ms cpu, 305->305->152 MB, 306 MB goal, 8 P
gc 84 @0.817s 0%: 0.030+0.19+0.012 ms clock, 0.24+0/0.11/0.078+0.097 ms cpu, 305->305->152 MB, 306 MB goal, 8 P
gc 85 @0.827s 0%: 0.029+0.17+0.007 ms clock, 0.23+0/0.10/0.082+0.061 ms cpu, 305->305->152 MB, 306 MB goal, 8 P
gc 86 @0.836s 0%: 0.027+0.16+0.008 ms clock, 0.22+0/0.084/0.10+0.064 ms cpu, 305->305->152 MB, 306 MB goal, 8 P
gc 87 @0.847s 0%: 0.031+0.30+0.008 ms clock, 0.24+0/0.19/0.084+0.068 ms cpu, 305->305->152 MB, 306 MB goal, 8 P
gc 88 @0.856s 0%: 0.029+0.26+0.008 ms clock, 0.23+0/0.073/0.084+0.067 ms cpu, 305->305->152 MB, 306 MB goal, 8 P
gc 89 @0.867s 0%: 0.024+0.19+0.013 ms clock, 0.19+0/0.11/0.079+0.10 ms cpu, 305->305->152 MB, 306 MB goal, 8 P
gc 90 @0.877s 0%: 0.025+0.30+0.024 ms clock, 0.20+0/0.082/0.085+0.19 ms cpu, 305->305->152 MB, 306 MB goal, 8 P
gc 91 @0.887s 0%: 0.022+0.28+0.007 ms clock, 0.18+0/0.091/0.084+0.061 ms cpu, 305->305->152 MB, 306 MB goal, 8 P
gc 92 @0.897s 0%: 0.024+0.18+0.008 ms clock, 0.19+0/0.098/0.17+0.065 ms cpu, 305->305->152 MB, 306 MB goal, 8 P
gc 93 @0.907s 0%: 0.030+0.15+0.007 ms clock, 0.24+0/0.14/0.17+0.058 ms cpu, 305->305->152 MB, 306 MB goal, 8 P
gc 94 @0.918s 0%: 0.053+0.17+0.007 ms clock, 0.43+0/0.13/0.054+0.060 ms cpu, 305->305->152 MB, 306 MB goal, 8 P
gc 95 @0.928s 0%: 0.035+0.17+0.006 ms clock, 0.28+0/0.15/0.10+0.053 ms cpu, 305->305->152 MB, 306 MB goal, 8 P
gc 96 @0.938s 0%: 0.025+0.13+0.007 ms clock, 0.20+0/0.077/0.079+0.060 ms cpu, 305->305->152 MB, 306 MB goal, 8 P
gc 97 @0.948s 0%: 0.036+0.15+0.012 ms clock, 0.29+0/0.10/0.10+0.10 ms cpu, 305->305->152 MB, 306 MB goal, 8 P
gc 98 @0.958s 0%: 0.031+0.23+0.015 ms clock, 0.25+0/0.090/0.057+0.12 ms cpu, 305->305->152 MB, 306 MB goal, 8 P
gc 99 @0.968s 0%: 0.026+0.17+0.007 ms clock, 0.21+0/0.094/0.12+0.061 ms cpu, 305->305->152 MB, 306 MB goal, 8 P
gc 100 @0.978s 0%: 0.033+0.16+0.010 ms clock, 0.26+0/0.096/0.15+0.086 ms cpu, 305->305->152 MB, 306 MB goal, 8 P
gc 101 @0.988s 0%: 0.026+0.21+0.008 ms clock, 0.21+0/0.17/0.14+0.064 ms cpu, 305->305->152 MB, 306 MB goal, 8 P
gc 102 @0.998s 0%: 0.024+0.31+0.012 ms clock, 0.19+0/0.076/0.15+0.099 ms cpu, 305->305->152 MB, 306 MB goal, 8 P
gc 103 @1.007s 0%: 0.031+0.16+0.011 ms clock, 0.24+0/0.10/0.13+0.094 ms cpu, 305->305->152 MB, 306 MB goal, 8 P
gc 104 @1.018s 0%: 0.023+0.15+0.013 ms clock, 0.18+0/0.091/0.070+0.10 ms cpu, 305->305->152 MB, 306 MB goal, 8 P
gc 105 @1.027s 0%: 0.030+0.19+0.008 ms clock, 0.24+0/0.099/0.074+0.068 ms cpu, 305->305->152 MB, 306 MB goal, 8 P
gc 106 @1.037s 0%: 0.029+0.18+0.007 ms clock, 0.23+0/0.10/0.13+0.061 ms cpu, 305->305->152 MB, 306 MB goal, 8 P
gc 107 @1.047s 0%: 0.028+0.31+0.013 ms clock, 0.22+0/0.077/0.17+0.10 ms cpu, 305->305->152 MB, 306 MB goal, 8 P
gc 108 @1.057s 0%: 0.035+0.27+0.007 ms clock, 0.28+0/0.091/0.11+0.059 ms cpu, 305->305->152 MB, 306 MB goal, 8 P
gc 109 @1.067s 0%: 0.028+0.12+0.007 ms clock, 0.22+0/0.10/0.048+0.058 ms cpu, 305->305->152 MB, 306 MB goal, 8 P
gc 110 @1.076s 0%: 0.029+0.19+0.007 ms clock, 0.23+0/0.11/0.090+0.063 ms cpu, 305->305->152 MB, 306 MB goal, 8 P
gc 111 @1.087s 0%: 0.026+0.28+0.010 ms clock, 0.21+0/0.078/0.13+0.084 ms cpu, 305->305->152 MB, 306 MB goal, 8 P
gc 112 @1.096s 0%: 0.029+0.39+0.009 ms clock, 0.23+0/0.13/0.22+0.072 ms cpu, 305->305->152 MB, 306 MB goal, 8 P
gc 113 @1.106s 0%: 0.028+0.35+0.007 ms clock, 0.23+0/0.099/0.091+0.063 ms cpu, 305->305->152 MB, 306 MB goal, 8 P
gc 114 @1.116s 0%: 0.024+0.14+0.011 ms clock, 0.19+0/0.091/0.10+0.089 ms cpu, 305->305->152 MB, 306 MB goal, 8 P
gc 115 @1.126s 0%: 0.024+0.16+0.007 ms clock, 0.19+0/0.12/0.12+0.062 ms cpu, 305->305->152 MB, 306 MB goal, 8 P
gc 116 @1.136s 0%: 0.034+0.16+0.011 ms clock, 0.27+0/0.094/0.090+0.095 ms cpu, 305->305->152 MB, 306 MB goal, 8 P
gc 117 @1.145s 0%: 0.030+0.13+0.013 ms clock, 0.24+0/0.092/0.048+0.10 ms cpu, 305->305->152 MB, 306 MB goal, 8 P
gc 118 @1.156s 0%: 0.030+3.2+0.003 ms clock, 0.24+0/0.087/0.058+0.024 ms cpu, 305->305->152 MB, 306 MB goal, 8 P
gc 119 @1.166s 0%: 0.027+0.15+0.008 ms clock, 0.21+0/0.10/0.036+0.065 ms cpu, 305->305->152 MB, 306 MB goal, 8 P
gc 120 @1.176s 0%: 0.033+0.12+0.007 ms clock, 0.26+0/0.086/0.070+0.061 ms cpu, 305->305->152 MB, 306 MB goal, 8 P
gc 121 @1.186s 0%: 0.023+0.12+0.008 ms clock, 0.18+0/0.089/0.073+0.067 ms cpu, 305->305->152 MB, 306 MB goal, 8 P
gc 122 @1.197s 0%: 0.025+0.30+0.009 ms clock, 0.20+0/0.092/0.12+0.073 ms cpu, 305->305->152 MB, 306 MB goal, 8 P
gc 123 @1.206s 0%: 0.024+0.30+0.011 ms clock, 0.19+0/0.086/0.096+0.088 ms cpu, 305->305->152 MB, 306 MB goal, 8 P
gc 124 @1.216s 0%: 0.035+0.21+0.015 ms clock, 0.28+0/0.098/0.051+0.12 ms cpu, 305->305->152 MB, 306 MB goal, 8 P
gc 125 @1.226s 0%: 0.028+0.12+0.008 ms clock, 0.22+0/0.10/0.063+0.068 ms cpu, 305->305->152 MB, 306 MB goal, 8 P
gc 126 @1.235s 0%: 0.024+0.22+0.011 ms clock, 0.19+0/0.10/0.18+0.092 ms cpu, 305->305->152 MB, 306 MB goal, 8 P
gc 127 @1.246s 0%: 0.034+0.20+0.013 ms clock, 0.27+0/0.14/0.23+0.10 ms cpu, 305->305->152 MB, 306 MB goal, 8 P
gc 128 @1.255s 0%: 0.030+0.31+0.009 ms clock, 0.24+0/0.13/0.072+0.078 ms cpu, 305->305->152 MB, 306 MB goal, 8 P
gc 129 @1.266s 0%: 0.034+0.17+0.017 ms clock, 0.27+0/0.080/0.10+0.13 ms cpu, 305->305->152 MB, 306 MB goal, 8 P
gc 130 @1.275s 0%: 0.029+0.21+0.010 ms clock, 0.23+0/0.076/0.11+0.080 ms cpu, 305->305->152 MB, 306 MB goal, 8 P
gc 131 @1.286s 0%: 0.032+0.21+0.014 ms clock, 0.25+0/0.16/0.094+0.11 ms cpu, 305->305->152 MB, 306 MB goal, 8 P
gc 132 @1.295s 0%: 0.027+0.17+0.012 ms clock, 0.22+0/0.10/0.021+0.098 ms cpu, 305->305->152 MB, 306 MB goal, 8 P
gc 133 @1.306s 0%: 0.028+0.15+0.009 ms clock, 0.22+0/0.12/0.12+0.078 ms cpu, 305->305->152 MB, 306 MB goal, 8 P
gc 134 @1.315s 0%: 0.031+0.30+0.009 ms clock, 0.25+0/0.081/0.082+0.074 ms cpu, 305->305->152 MB, 306 MB goal, 8 P
gc 135 @1.325s 0%: 0.033+0.22+0.012 ms clock, 0.26+0/0.18/0.075+0.099 ms cpu, 305->305->152 MB, 306 MB goal, 8 P
gc 136 @1.335s 0%: 0.023+0.24+0.010 ms clock, 0.19+0/0.15/0.15+0.084 ms cpu, 305->305->152 MB, 306 MB goal, 8 P
gc 137 @1.344s 0%: 0.025+0.12+0.007 ms clock, 0.20+0/0.092/0.070+0.063 ms cpu, 305->305->152 MB, 306 MB goal, 8 P
gc 138 @1.355s 0%: 0.024+0.16+0.013 ms clock, 0.19+0/0.11/0.076+0.10 ms cpu, 305->305->152 MB, 306 MB goal, 8 P
gc 139 @1.365s 0%: 0.035+0.14+0.012 ms clock, 0.28+0/0.064/0.10+0.10 ms cpu, 305->305->152 MB, 306 MB goal, 8 P
gc 140 @1.375s 0%: 0.023+0.29+0.008 ms clock, 0.19+0/0.088/0.089+0.071 ms cpu, 305->305->152 MB, 306 MB goal, 8 P
gc 141 @1.385s 0%: 0.029+0.13+0.011 ms clock, 0.23+0/0.081/0.085+0.093 ms cpu, 305->305->152 MB, 306 MB goal, 8 P
gc 142 @1.394s 0%: 0.027+0.32+0.014 ms clock, 0.21+0/0.14/0.064+0.11 ms cpu, 305->305->152 MB, 306 MB goal, 8 P
gc 143 @1.404s 0%: 0.025+0.16+0.006 ms clock, 0.20+0/0.086/0.083+0.049 ms cpu, 305->305->152 MB, 306 MB goal, 8 P
gc 144 @1.414s 0%: 0.025+0.40+0.011 ms clock, 0.20+0/0.093/0.23+0.095 ms cpu, 305->305->152 MB, 306 MB goal, 8 P
gc 145 @1.424s 0%: 0.027+0.16+0.011 ms clock, 0.22+0/0.074/0.081+0.091 ms cpu, 305->305->152 MB, 306 MB goal, 8 P
gc 146 @1.434s 0%: 0.034+0.29+0.008 ms clock, 0.27+0/0.13/0.077+0.068 ms cpu, 305->305->152 MB, 306 MB goal, 8 P
gc 147 @1.445s 0%: 0.044+0.17+0.013 ms clock, 0.35+0/0.13/0.038+0.10 ms cpu, 305->305->152 MB, 306 MB goal, 8 P
gc 148 @1.454s 0%: 0.031+0.24+0.012 ms clock, 0.25+0/0.12/0.18+0.10 ms cpu, 305->305->152 MB, 306 MB goal, 8 P
gc 149 @1.465s 0%: 0.030+0.28+0.008 ms clock, 0.24+0/0.12/0.13+0.065 ms cpu, 305->305->152 MB, 306 MB goal, 8 P
gc 150 @1.474s 0%: 0.030+0.13+0.007 ms clock, 0.24+0/0.082/0.14+0.061 ms cpu, 305->305->152 MB, 306 MB goal, 8 P
gc 151 @1.485s 0%: 0.024+3.4+1.7 ms clock, 0.19+0/0.10/3.3+14 ms cpu, 305->381->152 MB, 306 MB goal, 8 P
gc 152 @1.512s 0%: 0.027+0.13+0.011 ms clock, 0.22+0/0.12/0.072+0.091 ms cpu, 305->305->152 MB, 306 MB goal, 8 P
gc 153 @1.524s 0%: 0.026+0.19+0.012 ms clock, 0.21+0/0.11/0.34+0.099 ms cpu, 305->305->152 MB, 306 MB goal, 8 P
gc 154 @1.534s 0%: 0.032+0.23+0.010 ms clock, 0.25+0/0.12/0.10+0.085 ms cpu, 305->305->152 MB, 306 MB goal, 8 P
gc 155 @1.544s 0%: 0.028+0.18+0.013 ms clock, 0.22+0/0.076/0.12+0.11 ms cpu, 305->305->152 MB, 306 MB goal, 8 P
gc 156 @1.555s 0%: 0.023+0.14+0.011 ms clock, 0.18+0/0.085/0.088+0.088 ms cpu, 305->305->152 MB, 306 MB goal, 8 P
gc 157 @1.564s 0%: 0.025+0.22+0.012 ms clock, 0.20+0/0.11/0.12+0.10 ms cpu, 305->305->152 MB, 306 MB goal, 8 P
gc 158 @1.574s 0%: 0.025+0.19+0.013 ms clock, 0.20+0/0.12/0.14+0.10 ms cpu, 305->305->152 MB, 306 MB goal, 8 P
gc 159 @1.584s 0%: 0.022+3.4+0.002 ms clock, 0.17+0/0.092/0.079+0.021 ms cpu, 305->305->152 MB, 306 MB goal, 8 P
gc 160 @1.595s 0%: 0.026+0.20+0.008 ms clock, 0.21+0/0.11/0.18+0.065 ms cpu, 305->305->152 MB, 306 MB goal, 8 P
gc 161 @1.604s 0%: 0.023+0.14+0.009 ms clock, 0.18+0/0.096/0.090+0.077 ms cpu, 305->305->152 MB, 306 MB goal, 8 P
gc 162 @1.615s 0%: 0.029+0.14+0.013 ms clock, 0.23+0/0.10/0.095+0.11 ms cpu, 305->305->152 MB, 306 MB goal, 8 P
gc 163 @1.625s 0%: 0.030+0.13+0.007 ms clock, 0.24+0/0.089/0.10+0.061 ms cpu, 305->305->152 MB, 306 MB goal, 8 P
222           5051114 ns/op
PASS
ok      go_ph/src/ch35/gc/passing_ref   1.819s
```

```azure
$ GODEBUG=gctrace=1 go test -bench=BenchmarkPassingArrayWithRef                              
gc 1 @0.020s 0%: 0.004+0.18+0.001 ms clock, 0.036+0.083/0.20/0.059+0.014 ms cpu, 4->4->0 MB, 5 MB goal, 8 P
gc 2 @0.033s 0%: 0.018+0.18+0.001 ms clock, 0.14+0.19/0.17/0.010+0.014 ms cpu, 4->4->0 MB, 5 MB goal, 8 P
gc 3 @0.077s 0%: 0.025+0.12+0.010 ms clock, 0.20+0.073/0.15/0.10+0.080 ms cpu, 4->4->0 MB, 5 MB goal, 8 P
gc 4 @0.083s 0%: 0.024+0.30+0.001 ms clock, 0.19+0.19/0.33/0.24+0.014 ms cpu, 4->4->0 MB, 5 MB goal, 8 P
gc 5 @0.091s 0%: 0.025+0.22+0.002 ms clock, 0.20+0.15/0.31/0.42+0.016 ms cpu, 4->4->0 MB, 5 MB goal, 8 P
gc 6 @0.097s 0%: 0.022+0.26+0.010 ms clock, 0.18+0.24/0.33/0.15+0.084 ms cpu, 4->4->0 MB, 5 MB goal, 8 P
gc 7 @0.107s 0%: 0.028+0.28+0.001 ms clock, 0.22+0.14/0.47/0.21+0.015 ms cpu, 4->4->0 MB, 5 MB goal, 8 P
gc 8 @0.121s 0%: 0.024+0.24+0.001 ms clock, 0.19+0.057/0.33/0.31+0.013 ms cpu, 4->4->0 MB, 5 MB goal, 8 P
gc 9 @0.133s 0%: 0.038+1.3+0.055 ms clock, 0.31+0.23/0.47/0.27+0.44 ms cpu, 4->4->1 MB, 5 MB goal, 8 P
gc 10 @0.185s 0%: 0.090+0.35+0.001 ms clock, 0.72+0.23/0.55/0.35+0.015 ms cpu, 4->4->1 MB, 5 MB goal, 8 P
gc 11 @0.189s 0%: 0.027+0.32+0.001 ms clock, 0.22+0.092/0.46/0.39+0.010 ms cpu, 4->4->1 MB, 5 MB goal, 8 P
gc 12 @0.199s 0%: 0.027+0.21+0.002 ms clock, 0.21+0.20/0.36/0.40+0.016 ms cpu, 4->4->1 MB, 5 MB goal, 8 P
gc 13 @0.208s 0%: 0.021+0.28+0.001 ms clock, 0.17+0.059/0.47/0.41+0.009 ms cpu, 4->4->1 MB, 5 MB goal, 8 P
gc 14 @0.212s 0%: 0.021+0.58+0.002 ms clock, 0.17+0.34/0.89/0.45+0.017 ms cpu, 4->4->1 MB, 5 MB goal, 8 P
gc 15 @0.216s 0%: 0.023+0.35+0.001 ms clock, 0.18+0.23/0.58/0.55+0.013 ms cpu, 4->4->1 MB, 5 MB goal, 8 P
gc 16 @0.223s 0%: 0.025+0.28+0.001 ms clock, 0.20+0.13/0.46/0.34+0.013 ms cpu, 4->4->1 MB, 5 MB goal, 8 P
gc 17 @0.233s 0%: 0.15+1.5+0.002 ms clock, 1.2+0.87/1.4/0.68+0.019 ms cpu, 4->4->1 MB, 5 MB goal, 8 P
# go_ph/src/ch35/gc/passing_ref.test
gc 1 @0.000s 10%: 0.003+0.49+0.003 ms clock, 0.027+0.41/0.81/0.16+0.025 ms cpu, 4->5->5 MB, 5 MB goal, 8 P
gc 2 @0.016s 1%: 0.005+0.84+0.010 ms clock, 0.043+0.065/1.0/0.45+0.083 ms cpu, 8->11->10 MB, 10 MB goal, 8 P
gc 3 @0.099s 0%: 0.026+0.60+0.008 ms clock, 0.21+0/0.82/0.83+0.066 ms cpu, 16->16->10 MB, 20 MB goal, 8 P
gc 4 @0.122s 0%: 0.015+1.2+0.008 ms clock, 0.12+0.071/1.1/0.27+0.064 ms cpu, 18->19->11 MB, 20 MB goal, 8 P
gc 18 @0.378s 0%: 0.084+0.67+0.014 ms clock, 0.67+0.15/1.0/2.5+0.11 ms cpu, 4->4->1 MB, 5 MB goal, 8 P
gc 1 @0.001s 2%: 0.018+0.14+0.002 ms clock, 0.15+0.071/0.10/0.050+0.023 ms cpu, 76->76->76 MB, 77 MB goal, 8 P
gc 2 @0.002s 16%: 0.019+0.19+0.43 ms clock, 0.15+0/0.11/0.12+3.4 ms cpu, 152->152->152 MB, 153 MB goal, 8 P
gc 3 @0.056s 1%: 0.047+0.12+0.002 ms clock, 0.37+0/0.14/0.077+0.022 ms cpu, 152->152->0 MB, 305 MB goal, 8 P (forced)
gc 4 @0.056s 1%: 0.030+0.55+0.001 ms clock, 0.24+0/0.16/0.43+0.015 ms cpu, 0->0->0 MB, 4 MB goal, 8 P (forced)
gc 5 @0.064s 1%: 0.026+0.95+0.002 ms clock, 0.20+0.78/0.15/0.051+0.017 ms cpu, 76->76->0 MB, 77 MB goal, 8 P
goos: darwin
goarch: arm64
pkg: go_ph/src/ch35/gc/passing_ref
BenchmarkPassingArrayWithRef-8          gc 6 @0.065s 1%: 0.021+0.30+0.002 ms clock, 0.17+0/0.29/0.14+0.020 ms cpu, 0->0->0 MB, 4 MB goal, 8 P (forced)
gc 7 @0.067s 1%: 0.018+1.7+0.001 ms clock, 0.14+0/0.11/1.7+0.014 ms cpu, 76->76->0 MB, 77 MB goal, 8 P (forced)
gc 8 @0.069s 1%: 0.055+0.70+0.001 ms clock, 0.44+0/0.75/0.001+0.012 ms cpu, 0->0->0 MB, 4 MB goal, 8 P (forced)
gc 9 @0.072s 1%: 0.023+3.8+0.002 ms clock, 0.18+0/0.11/0.051+0.017 ms cpu, 76->76->0 MB, 77 MB goal, 8 P (forced)
gc 10 @0.075s 1%: 0.021+0.13+0.001 ms clock, 0.16+0/0.13/0.13+0.013 ms cpu, 0->0->0 MB, 4 MB goal, 8 P (forced)
gc 11 @0.077s 1%: 0.017+0.18+0.013 ms clock, 0.13+0/0.13/0.21+0.11 ms cpu, 76->76->76 MB, 77 MB goal, 8 P
gc 12 @0.078s 1%: 0.021+0.085+0.001 ms clock, 0.16+0/0.11/0.041+0.009 ms cpu, 76->76->0 MB, 152 MB goal, 8 P (forced)
gc 13 @0.080s 1%: 0.015+0.25+0.009 ms clock, 0.12+0/0.091/0.097+0.072 ms cpu, 76->76->76 MB, 77 MB goal, 8 P
gc 14 @0.118s 1%: 0.027+0.049+0 ms clock, 0.22+0/0.070/0.030+0.007 ms cpu, 76->76->0 MB, 152 MB goal, 8 P (forced)
gc 15 @0.120s 1%: 0.014+0.10+0.006 ms clock, 0.11+0/0.074/0.037+0.051 ms cpu, 76->76->76 MB, 77 MB goal, 8 P
1000000000               0.3183 ns/op
PASS
ok      go_ph/src/ch35/gc/passing_ref   0.627s

```